apiVersion: v1
kind: Namespace
metadata:
  annotations: {}
  labels:
    name: syn-kubevirt-manager
  name: syn-kubevirt-manager
