apiVersion: v1
kind: ServiceAccount
metadata:
  labels:
    app: kubevirt-manager
    app.kubernetes.io/managed-by: commodore
    kubevirt-manager.io/version: 1.3.2
  name: kubevirt-manager
  namespace: syn-kubevirt-manager
---
apiVersion: rbac.authorization.k8s.io/v1
kind: ClusterRole
metadata:
  labels:
    app.kubernetes.io/managed-by: commodore
  name: kubevirt-manager
rules:
  - apiGroups:
      - ''
    resources:
      - nodes
      - namespaces
    verbs:
      - get
      - list
  - apiGroups:
      - ''
    resources:
      - customresourcedefinitions
    verbs:
      - get
      - list
  - apiGroups:
      - ''
    resources:
      - persistentvolumeclaims
      - persistentvolumes
      - services
      - secrets
      - serviceaccounts
      - configmaps
      - deployments
    verbs:
      - '*'
  - apiGroups:
      - rbac.authorization.k8s.io
    resources:
      - rolebindings
    verbs:
      - '*'
  - apiGroups:
      - apps
    resources:
      - deployments
    verbs:
      - '*'
  - apiGroups:
      - storage.k8s.io
    resources:
      - storageclasses
    verbs:
      - get
      - list
  - apiGroups:
      - apiextensions.k8s.io
    resources:
      - customresourcedefinitions
    verbs:
      - get
      - list
  - apiGroups:
      - k8s.cni.cncf.io
    resources:
      - network-attachment-definitions
    verbs:
      - get
      - list
  - apiGroups:
      - kubevirt.io
    resources:
      - virtualmachines
      - virtualmachineinstances
    verbs:
      - '*'
  - apiGroups:
      - subresources.kubevirt.io
    resources:
      - '*'
    verbs:
      - get
      - list
      - update
      - patch
  - apiGroups:
      - instancetype.kubevirt.io
    resources:
      - '*'
    verbs:
      - '*'
  - apiGroups:
      - cdi.kubevirt.io
    resources:
      - '*'
    verbs:
      - '*'
  - apiGroups:
      - pool.kubevirt.io
    resources:
      - '*'
    verbs:
      - '*'
  - apiGroups:
      - scheduling.k8s.io
    resources:
      - priorityclasses
    verbs:
      - get
      - list
  - apiGroups:
      - autoscaling
    resources:
      - horizontalpodautoscalers
    verbs:
      - '*'
  - apiGroups:
      - cluster.x-k8s.io
    resources:
      - clusters
      - machinedeployments
    verbs:
      - '*'
  - apiGroups:
      - controlplane.cluster.x-k8s.io
    resources:
      - kubeadmcontrolplanes
    verbs:
      - '*'
  - apiGroups:
      - infrastructure.cluster.x-k8s.io
    resources:
      - kubevirtmachinetemplates
      - kubevirtclusters
    verbs:
      - '*'
  - apiGroups:
      - bootstrap.cluster.x-k8s.io
    resources:
      - kubeadmconfigtemplates
    verbs:
      - '*'
  - apiGroups:
      - addons.cluster.x-k8s.io
    resources:
      - clusterresourcesets
    verbs:
      - '*'
---
apiVersion: rbac.authorization.k8s.io/v1
kind: ClusterRoleBinding
metadata:
  labels:
    app: kubevirt-manager
    app.kubernetes.io/managed-by: commodore
    kubevirt-manager.io/version: 1.3.2
  name: kubevirt-manager
roleRef:
  apiGroup: rbac.authorization.k8s.io
  kind: ClusterRole
  name: kubevirt-manager
subjects:
  - kind: ServiceAccount
    name: kubevirt-manager
    namespace: syn-kubevirt-manager
---
apiVersion: rbac.authorization.k8s.io/v1
kind: ClusterRole
metadata:
  labels:
    app.kubernetes.io/managed-by: commodore
  name: kubevirt-manager-kccm
rules:
  - apiGroups:
      - kubevirt.io
    resources:
      - virtualmachines
    verbs:
      - get
      - list
      - watch
  - apiGroups:
      - kubevirt.io
    resources:
      - virtualmachineinstances
    verbs:
      - get
      - list
      - watch
      - update
  - apiGroups:
      - ''
    resources:
      - pods
    verbs:
      - get
      - list
      - watch
  - apiGroups:
      - ''
    resources:
      - services
    verbs:
      - '*'
---
apiVersion: rbac.authorization.k8s.io/v1
kind: ClusterRoleBinding
metadata:
  labels:
    app: kubevirt-manager
    app.kubernetes.io/managed-by: commodore
    kubevirt-manager.io/version: 1.3.2
  name: kubevirt-manager-kccm
roleRef:
  apiGroup: rbac.authorization.k8s.io
  kind: ClusterRole
  name: kubevirt-manager-kccm
subjects:
  - kind: ServiceAccount
    name: kubevirt-manager
    namespace: syn-kubevirt-manager
---
apiVersion: scheduling.k8s.io/v1
description: Priority class for VMs which should not be preemtited.
kind: PriorityClass
metadata:
  labels:
    app: kubevirt-manager
    app.kubernetes.io/managed-by: commodore
    kubevirt-manager.io/managed: 'true'
    kubevirt-manager.io/version: 1.3.2
  name: vm-standard
preemptionPolicy: Never
value: 999999999
---
apiVersion: scheduling.k8s.io/v1
description: Priority class for VMs which are allowed to be preemtited.
kind: PriorityClass
metadata:
  labels:
    app: kubevirt-manager
    app.kubernetes.io/managed-by: commodore
    kubevirt-manager.io/managed: 'true'
    kubevirt-manager.io/version: 1.3.2
  name: vm-preemptible
preemptionPolicy: PreemptLowerPriority
value: 1000000
---
apiVersion: apps/v1
kind: Deployment
metadata:
  labels:
    app: kubevirt-manager
    app.kubernetes.io/managed-by: commodore
    kubevirt-manager.io/version: 1.3.2
  name: kubevirt-manager
  namespace: syn-kubevirt-manager
spec:
  replicas: 1
  selector:
    matchLabels:
      app: kubevirt-manager
      kubevirt-manager.io/version: 1.3.2
  strategy:
    type: Recreate
  template:
    metadata:
      labels:
        app: kubevirt-manager
        kubevirt-manager.io/version: 1.3.2
    spec:
      containers:
        - image: docker.io/kubevirtmanager/kubevirt-manager:1.3.2
          imagePullPolicy: IfNotPresent
          name: kubevirtmgr
          ports:
            - containerPort: 8080
              name: http
          securityContext:
            allowPrivilegeEscalation: false
            readOnlyRootFilesystem: true
            runAsGroup: 30000
            runAsUser: 10000
          volumeMounts:
            - mountPath: /var/cache/nginx
              name: cache-volume
            - mountPath: /var/run
              name: run-volume
            - mountPath: /etc/nginx/auth.d/
              name: auth-config
            - mountPath: /etc/nginx/secret.d/
              name: auth-secret
            - mountPath: /etc/nginx/location.d/
              name: prometheus-config
      restartPolicy: Always
      serviceAccountName: kubevirt-manager
      volumes:
        - emptyDir: {}
          name: cache-volume
        - emptyDir: {}
          name: run-volume
        - configMap:
            name: auth-config
            optional: true
          name: auth-config
        - name: auth-secret
          secret:
            optional: true
            secretName: auth-secret
        - configMap:
            name: prometheus-config
            optional: true
          name: prometheus-config
---
apiVersion: v1
kind: Service
metadata:
  labels:
    app: kubevirt-manager
    app.kubernetes.io/managed-by: commodore
    kubevirt-manager.io/version: 1.3.2
  name: kubevirt-manager
  namespace: syn-kubevirt-manager
spec:
  ports:
    - port: 8080
      protocol: TCP
      targetPort: 8080
  selector:
    app: kubevirt-manager
  type: ClusterIP
