apiVersion: networkaddonsoperator.network.kubevirt.io/v1
kind: NetworkAddonsConfig
metadata:
  labels:
    app.kubernetes.io/instance: network_addons
    app.kubernetes.io/managed-by: commodore
    app.kubernetes.io/name: instance
  name: instance
  namespace: syn-kubevirt-operator
spec:
  linuxBridge: {}
  multus: {}
  multusDynamicNetworks: {}
