apiVersion: instancetype.kubevirt.io/v1beta1
kind: VirtualMachineClusterInstancetype
metadata:
  annotations: {}
  labels:
    app.kubernetes.io/managed-by: commodore
    app.kubernetes.io/name: small-4
    name: small-4
  name: small-4
spec:
  cpu:
    guest: 2
  memory:
    quest: 4Gi
---
apiVersion: instancetype.kubevirt.io/v1beta1
kind: VirtualMachineClusterInstancetype
metadata:
  annotations: {}
  labels:
    app.kubernetes.io/managed-by: commodore
    app.kubernetes.io/name: small-8
    name: small-8
  name: small-8
spec:
  cpu:
    guest: 2
  memory:
    quest: 8Gi
---
apiVersion: instancetype.kubevirt.io/v1beta1
kind: VirtualMachineClusterInstancetype
metadata:
  annotations: {}
  labels:
    app.kubernetes.io/managed-by: commodore
    app.kubernetes.io/name: xsmall
    name: xsmall
  name: xsmall
spec:
  cpu:
    guest: 1
  memory:
    quest: 512Mi
