apiVersion: operators.coreos.com/v1alpha1
kind: Subscription
metadata:
  annotations: {}
  labels:
    name: community-kubevirt-hyperconverged
  name: community-kubevirt-hyperconverged
  namespace: syn-kubevirt-operator
spec:
  channel: stable
  config:
    resources: {}
  installPlanApproval: Automatic
  name: community-kubevirt-hyperconverged
  source: operatorhubio-catalog
  sourceNamespace: syn-operator-lifecycle-manager
