apiVersion: hco.kubevirt.io/v1beta1
kind: HyperConverged
metadata:
  labels:
    app.kubernetes.io/instance: olm
    app.kubernetes.io/managed-by: commodore
    app.kubernetes.io/name: instance
  name: kubevirt-hyperconverged
  namespace: kubevirt-hyperconverged
spec:
  additionalMigrationResources:
    requests.cpu: 500m
    requests.memory: 512Mi
  config:
    featureGates:
      - HonorWaitForFirstConsumer
  featureGates:
    deployTektonTaskResources: true
    deployVmConsoleProxy: true
  imagePullPolicy: IfNotPresent
  infra:
    nodeSelector:
      kubernetes.io/os: linux
    tolerations:
      - key: CriticalAddonsOnly
        operator: Exists
  linuxBridge: {}
  multus: {}
  multusDynamicNetworks: {}
  storagePools:
    - name: local
      path: /var/hpvolumes
  workload:
    nodeSelector:
      kubernetes.io/os: linux
