apiVersion: kubevirt.io/v1
kind: KubeVirt
metadata:
  labels:
    app.kubernetes.io/instance: kubevirt
    app.kubernetes.io/managed-by: commodore
    app.kubernetes.io/name: instance
  name: instance
  namespace: syn-kubevirt-operator
spec: {}
