apiVersion: cdi.kubevirt.io/v1beta1
kind: CDI
metadata:
  labels:
    app.kubernetes.io/instance: data_importer
    app.kubernetes.io/managed-by: commodore
    app.kubernetes.io/name: instance
  name: instance
  namespace: syn-kubevirt-operator
spec: {}
