apiVersion: kubevirt.io/v1
kind: KubeVirt
metadata:
  annotations: {}
  labels:
    app.kubernetes.io/instance: instance
    app.kubernetes.io/managed-by: commodore
    app.kubernetes.io/name: instance
    name: instance
  name: instance
  namespace: syn-kubevirt-operator
spec:
  certificateRotateStrategy: {}
  configuration: {}
  customizeComponents: {}
  imagePullPolicy: IfNotPresent
  workloadUpdateStrategy: {}
