apiVersion: kubevirt.io/v1
kind: KubeVirt
metadata:
  annotations: {}
  labels:
    app.kubernetes.io/instance: default
    app.kubernetes.io/managed-by: commodore
    app.kubernetes.io/name: default
    name: default
  name: default
  namespace: syn-kubevirt-operator
spec:
  certificateRotateStrategy: {}
  configuration: {}
  customizeComponents: {}
  imagePullPolicy: IfNotPresent
  infra:
    replicas: 1
  workloadUpdateStrategy: {}
