apiVersion: instancetype.kubevirt.io/v1beta1
kind: VirtualMachineClusterInstancetype
metadata:
  annotations: {}
  labels:
    app.kubernetes.io/managed-by: commodore
    app.kubernetes.io/name: small-8
    name: small-8
  name: small-8
spec:
  cpu:
    guest: 2
  memory:
    quest: 8Gi
