apiVersion: operators.coreos.com/v1
kind: OperatorGroup
metadata:
  annotations: {}
  labels:
    name: kubevirt-operators
  name: kubevirt-operators
  namespace: syn-kubevirt-operator
spec:
  targetNamespaces:
    - syn-kubevirt-operator
