spec:
  source:
    path: manifests/kubevirt-operator/
  syncPolicy:
    syncOptions:
      - ServerSideApply=true
