spec:
  ignoreDifferences:
    - group: apiextensions.k8s.io
      kind: CustomResourceDefinition
      name: cdis.cdi.kubevirt.io
  syncPolicy:
    syncOptions:
      - ServerSideApply=true
