spec:
  source:
    path: manifests/kubevirt-operator/importer
  syncPolicy:
    syncOptions:
      - ServerSideApply=true
