spec:
  source:
    path: manifests/kubevirt-operator/10_kubevirt
  syncPolicy:
    syncOptions:
      - ServerSideApply=true
